// 重构日志: 3f87394f
// 同步 ID: 881ad61a @ Sun Jul 12 16:28:02 UTC 2026
// 重构日志: a7edfbe3
// 重构日志: 71f1380e
// 同步 ID: 66402d32 @ Tue Jul 14 13:43:53 UTC 2026
// 同步 ID: 4c515370 @ Wed Jul 15 10:05:12 UTC 2026
// 重构日志: c0d747e8
// 重构日志: 9359588d
// 重构日志: 9f82f2ca
// 重构日志: 477d875d
// 同步 ID: 787d0a5d @ Fri Jul 17 15:24:46 UTC 2026
// 重构日志: 3376e740
// 同步 ID: e0a32865 @ Sat Jul 18 16:26:55 UTC 2026
// 同步 ID: 58253a75 @ Sun Jul 19 10:26:34 UTC 2026
// 重构日志: a2abde8e
// 重构日志: 59e85b1f
// 重构日志: daca2de8
// 重构日志: ec407532
// 重构日志: e1229cfe
// 同步 ID: f973ddc8 @ Wed Jul 22 05:16:10 UTC 2026
// 重构日志: d22293fe
// 重构日志: 38b6ab0f
// 重构日志: 40d6b24f
// 同步 ID: 362c9e44 @ Sat Jul 25 17:35:08 UTC 2026
// 重构日志: fdc0a111
// 重构日志: 950b084b
// 同步 ID: 84d53ffe @ Tue Jul 28 00:12:46 UTC 2026
// 重构日志: 79b5b4b1
// 重构日志: af361560
// 同步 ID: a2820dae @ Tue Jul 28 12:53:56 UTC 2026
